  Determining projects to restore...
  All projects are up-to-date for restore.
C:\Users\Ari\Documents\SilkModDev\ItemChangerPRs\warps\ItemChanger.Silksong\Costs\PDBoolCost.cs(7,36): warning CS9113: Parameter 'BoolName' is unread. [C:\Users\Ari\Documents\SilkModDev\ItemChangerPRs\warps\ItemChanger.Silksong\ItemChanger.Silksong.csproj]
C:\Users\Ari\Documents\SilkModDev\ItemChangerPRs\warps\ItemChanger.Silksong\RawData\BaseItemList.cs(11,36): error CS0246: The type or namespace name 'FleaItem' could not be found (are you missing a using directive or an assembly reference?) [C:\Users\Ari\Documents\SilkModDev\ItemChangerPRs\warps\ItemChanger.Silksong\ItemChanger.Silksong.csproj]
C:\Users\Ari\Documents\SilkModDev\ItemChangerPRs\warps\ItemChanger.Silksong\RawData\BaseItemList.cs(13,26): error CS0117: 'ItemNames' does not contain a definition for 'Flea' [C:\Users\Ari\Documents\SilkModDev\ItemChangerPRs\warps\ItemChanger.Silksong\ItemChanger.Silksong.csproj]
C:\Users\Ari\Documents\SilkModDev\ItemChangerPRs\warps\ItemChanger.Silksong\RawData\BaseItemList.cs(16,24): error CS0246: The type or namespace name 'CountedString' could not be found (are you missing a using directive or an assembly reference?) [C:\Users\Ari\Documents\SilkModDev\ItemChangerPRs\warps\ItemChanger.Silksong\ItemChanger.Silksong.csproj]
C:\Users\Ari\Documents\SilkModDev\ItemChangerPRs\warps\ItemChanger.Silksong\RawData\BaseItemList.cs(16,102): error CS0246: The type or namespace name 'FleaCount' could not be found (are you missing a using directive or an assembly reference?) [C:\Users\Ari\Documents\SilkModDev\ItemChangerPRs\warps\ItemChanger.Silksong\ItemChanger.Silksong.csproj]
C:\Users\Ari\Documents\SilkModDev\ItemChangerPRs\warps\ItemChanger.Silksong\RawData\BaseItemList.cs(17,26): error CS0246: The type or namespace name 'FleaSprite' could not be found (are you missing a using directive or an assembly reference?) [C:\Users\Ari\Documents\SilkModDev\ItemChangerPRs\warps\ItemChanger.Silksong\ItemChanger.Silksong.csproj]
C:\Users\Ari\Documents\SilkModDev\ItemChangerPRs\warps\ItemChanger.Silksong\RawData\BaseItemList.cs(19,13): error CS0117: 'MsgUIDef' does not contain a definition for 'PreviewName' [C:\Users\Ari\Documents\SilkModDev\ItemChangerPRs\warps\ItemChanger.Silksong\ItemChanger.Silksong.csproj]

Build FAILED.

C:\Users\Ari\Documents\SilkModDev\ItemChangerPRs\warps\ItemChanger.Silksong\Costs\PDBoolCost.cs(7,36): warning CS9113: Parameter 'BoolName' is unread. [C:\Users\Ari\Documents\SilkModDev\ItemChangerPRs\warps\ItemChanger.Silksong\ItemChanger.Silksong.csproj]
C:\Users\Ari\Documents\SilkModDev\ItemChangerPRs\warps\ItemChanger.Silksong\RawData\BaseItemList.cs(11,36): error CS0246: The type or namespace name 'FleaItem' could not be found (are you missing a using directive or an assembly reference?) [C:\Users\Ari\Documents\SilkModDev\ItemChangerPRs\warps\ItemChanger.Silksong\ItemChanger.Silksong.csproj]
C:\Users\Ari\Documents\SilkModDev\ItemChangerPRs\warps\ItemChanger.Silksong\RawData\BaseItemList.cs(13,26): error CS0117: 'ItemNames' does not contain a definition for 'Flea' [C:\Users\Ari\Documents\SilkModDev\ItemChangerPRs\warps\ItemChanger.Silksong\ItemChanger.Silksong.csproj]
C:\Users\Ari\Documents\SilkModDev\ItemChangerPRs\warps\ItemChanger.Silksong\RawData\BaseItemList.cs(16,24): error CS0246: The type or namespace name 'CountedString' could not be found (are you missing a using directive or an assembly reference?) [C:\Users\Ari\Documents\SilkModDev\ItemChangerPRs\warps\ItemChanger.Silksong\ItemChanger.Silksong.csproj]
C:\Users\Ari\Documents\SilkModDev\ItemChangerPRs\warps\ItemChanger.Silksong\RawData\BaseItemList.cs(16,102): error CS0246: The type or namespace name 'FleaCount' could not be found (are you missing a using directive or an assembly reference?) [C:\Users\Ari\Documents\SilkModDev\ItemChangerPRs\warps\ItemChanger.Silksong\ItemChanger.Silksong.csproj]
C:\Users\Ari\Documents\SilkModDev\ItemChangerPRs\warps\ItemChanger.Silksong\RawData\BaseItemList.cs(17,26): error CS0246: The type or namespace name 'FleaSprite' could not be found (are you missing a using directive or an assembly reference?) [C:\Users\Ari\Documents\SilkModDev\ItemChangerPRs\warps\ItemChanger.Silksong\ItemChanger.Silksong.csproj]
C:\Users\Ari\Documents\SilkModDev\ItemChangerPRs\warps\ItemChanger.Silksong\RawData\BaseItemList.cs(19,13): error CS0117: 'MsgUIDef' does not contain a definition for 'PreviewName' [C:\Users\Ari\Documents\SilkModDev\ItemChangerPRs\warps\ItemChanger.Silksong\ItemChanger.Silksong.csproj]
    1 Warning(s)
    6 Error(s)

Time Elapsed 00:00:08.92
